
> pharmacy-app@1.0.0 build
> ng build

Builder ran for build
